// Jest Snapshot v1, https://goo.gl/fbAQLP

exports[`Renders title and list across the screen 1`] = `
<View>
  <RCTScrollView
    contentContainerStyle={
      Object {
        "paddingBottom": 50,
      }
    }
    showsVerticalScrollIndicator={false}
    style={
      Object {
        "height": "100%",
        "marginTop": 66.7,
      }
    }
  >
    <View>
      <Text
        style={
          Object {
            "fontSize": 25,
            "fontWeight": "bold",
            "marginBottom": 10,
            "textAlign": "center",
          }
        }
      >
        -Indra Models-
      </Text>
    </View>
  </RCTScrollView>
</View>
`;
